python : NSE index OHLC fetch failed 
for NIFTY VIX: "['HI_TIMESTAMP'] not 
found in axis"
At line:1 char:32
+ ... ING='utf-8'; python 
test_strategies.py > test_output.txt 
2>&1; Get-Co ...
+                  ~~~~~~~~~~~~~~~~~~~~~
~~~~~~~~~~~~~~~~~~~~~~~~~~~
    + CategoryInfo          : NotSpecif 
   ied: (NSE index OHLC ... found in a  
  xis":String) [], RemoteException
    + FullyQualifiedErrorId : NativeCom 
   mandError
 
======================================================================
[TEST] WAVE 1 STRATEGIES - Integration Test
======================================================================

[INFO] Step 1: Determine Market Regime
--------------------------------------------------
Current Regime: SIDEWAYS
VIX: 13.63

[INFO] Step 2: Fetch Sample Stock Data (RELIANCE)
--------------------------------------------------
Data Points: 64
Latest Close: nan
RSI: 100.00

[TEST] Test 1: ORB Strategy (Options Intraday)
--------------------------------------------------
Strategy ID: ALPHA_ORB_001
Type: INTRADAY_MOMENTUM
Suitability Score: 0.0/100
[OK] ORB Strategy loaded successfully

[TEST] Test 2: Swing Breakout Strategy (Cash)
--------------------------------------------------
Strategy ID: ALPHA_BREAKOUT_101
Segment: CASH
Holding: 3-7 days
Suitability Score: 70.0/100
No breakout signal for RELIANCE today
[OK] Swing Breakout loaded successfully

[TEST] Test 3: Trend Pullback Strategy (Cash)
--------------------------------------------------
Strategy ID: ALPHA_PULLBACK_102
Suitability Score: 60.0/100
No pullback signal for RELIANCE today
[OK] Trend Pullback loaded successfully

[TEST] Test 4: EMA Crossover Strategy (Cash)
--------------------------------------------------
Strategy ID: ALPHA_EMA_CROSS_104
Suitability Score: 35.0/100
No EMA crossover signal for RELIANCE today
[OK] EMA Crossover loaded successfully

======================================================================
[SUMMARY] WAVE 1 STRATEGY STATUS
======================================================================

    | Strategy              | Segment | Status     |
    |-----------------------|---------|------------|
    | ORB (ALPHA_ORB_001)   | Options | OK         |
    | Swing Breakout (101)  | Cash    | OK         |
    | Trend Pullback (102)  | Cash    | OK         |
    | EMA Crossover (104)   | Cash    | OK         |
    
[SUCCESS] Wave 1 Strategies Integration Test Complete!
